=== RUN   TestStackExecutableUnicodeBranchIdentity
    stack_identity_e2e_test.go:130: expected current "topic\u00a0": {OK:false Data:{Stack:{Name: Base: BaseHead: Current: Action: MRObservation: Total:0 Branches:[]}} Meta:{Backend:local Host:gitlab.example Repo:team/repo Complete:false Truncated:false Count:0 Limit:0 Reason: UpstreamVersion:} Error:stack Git operation cancelled or timed out; inspect local state before retrying}
--- FAIL: TestStackExecutableUnicodeBranchIdentity (105.55s)
=== RUN   TestStackExecutableExactRefRace
=== RUN   TestStackExecutableExactRefRace/ordinary-stable
    stack_ref_race_e2e_test.go:70: mode=ordinary-stable CLI_success=true metadata_published=true
=== RUN   TestStackExecutableExactRefRace/ordinary-different-oid
    stack_ref_race_e2e_test.go:70: mode=ordinary-different-oid CLI_success=false metadata_published=false
=== RUN   TestStackExecutableExactRefRace/symbolic-same-oid
    stack_ref_race_e2e_test.go:70: mode=symbolic-same-oid CLI_success=false metadata_published=false
=== RUN   TestStackExecutableExactRefRace/symbolic-different-oid
    stack_ref_race_e2e_test.go:70: mode=symbolic-different-oid CLI_success=false metadata_published=false
=== RUN   TestStackExecutableExactRefRace/symbolic-before-preflight
    stack_ref_race_e2e_test.go:70: mode=symbolic-before-preflight CLI_success=false metadata_published=false
=== RUN   TestStackExecutableExactRefRace/symbolic-after-prepare
    stack_ref_race_e2e_test.go:70: mode=symbolic-after-prepare CLI_success=true metadata_published=true
--- PASS: TestStackExecutableExactRefRace (58.83s)
    --- PASS: TestStackExecutableExactRefRace/ordinary-stable (7.20s)
    --- PASS: TestStackExecutableExactRefRace/ordinary-different-oid (2.70s)
    --- PASS: TestStackExecutableExactRefRace/symbolic-same-oid (4.77s)
    --- PASS: TestStackExecutableExactRefRace/symbolic-different-oid (5.59s)
    --- PASS: TestStackExecutableExactRefRace/symbolic-before-preflight (3.86s)
    --- PASS: TestStackExecutableExactRefRace/symbolic-after-prepare (5.08s)
FAIL
FAIL	gl-axi/internal/product	164.716s
FAIL
