=== RUN   TestExactRefDisappearanceInvalidatesObservations
=== RUN   TestExactRefDisappearanceInvalidatesObservations/refs/heads/main
=== RUN   TestExactRefDisappearanceInvalidatesObservations/refs/heads/one
=== RUN   TestExactRefDisappearanceInvalidatesObservations/refs/heads/two
=== RUN   TestExactRefDisappearanceInvalidatesObservations/refs/glab-axi/stacks/demo
--- PASS: TestExactRefDisappearanceInvalidatesObservations (37.62s)
    --- PASS: TestExactRefDisappearanceInvalidatesObservations/refs/heads/main (19.32s)
    --- PASS: TestExactRefDisappearanceInvalidatesObservations/refs/heads/one (8.89s)
    --- PASS: TestExactRefDisappearanceInvalidatesObservations/refs/heads/two (4.94s)
    --- PASS: TestExactRefDisappearanceInvalidatesObservations/refs/glab-axi/stacks/demo (4.46s)
=== RUN   TestMetadataReplayCASAndPreservation
--- PASS: TestMetadataReplayCASAndPreservation (4.62s)
=== RUN   TestMetadataDetectsConcurrentBranchChangeAndLocks
--- PASS: TestMetadataDetectsConcurrentBranchChangeAndLocks (3.29s)
=== RUN   TestMetadataRejectsSymbolicRefRace
--- PASS: TestMetadataRejectsSymbolicRefRace (2.12s)
=== RUN   TestMetadataRejectsSymbolicMetadataReplacement
--- PASS: TestMetadataRejectsSymbolicMetadataReplacement (2.29s)
=== RUN   TestAmbiguousMergeBaseRefused
--- PASS: TestAmbiguousMergeBaseRefused (1.44s)
=== RUN   TestCheckoutGuardedAndPreservesUnlandedRefs
--- PASS: TestCheckoutGuardedAndPreservesUnlandedRefs (8.92s)
=== RUN   TestCheckoutRefusesUnsafeLocalStates
=== RUN   TestCheckoutRefusesUnsafeLocalStates/untracked
=== RUN   TestCheckoutRefusesUnsafeLocalStates/ignored
=== RUN   TestCheckoutRefusesUnsafeLocalStates/dirty
=== RUN   TestCheckoutRefusesUnsafeLocalStates/staged
=== RUN   TestCheckoutRefusesUnsafeLocalStates/detached
=== RUN   TestCheckoutRefusesUnsafeLocalStates/rebase
=== RUN   TestCheckoutRefusesUnsafeLocalStates/index-lock
=== RUN   TestCheckoutRefusesUnsafeLocalStates/filter
=== RUN   TestCheckoutRefusesUnsafeLocalStates/sparse
=== RUN   TestCheckoutRefusesUnsafeLocalStates/assume-unchanged
=== RUN   TestCheckoutRefusesUnsafeLocalStates/skip-worktree
=== RUN   TestCheckoutRefusesUnsafeLocalStates/other-worktree
=== RUN   TestCheckoutRefusesUnsafeLocalStates/diverged
--- PASS: TestCheckoutRefusesUnsafeLocalStates (65.23s)
    --- PASS: TestCheckoutRefusesUnsafeLocalStates/untracked (5.85s)
    --- PASS: TestCheckoutRefusesUnsafeLocalStates/ignored (3.72s)
    --- PASS: TestCheckoutRefusesUnsafeLocalStates/dirty (3.57s)
    --- PASS: TestCheckoutRefusesUnsafeLocalStates/staged (3.03s)
    --- PASS: TestCheckoutRefusesUnsafeLocalStates/detached (2.67s)
    --- PASS: TestCheckoutRefusesUnsafeLocalStates/rebase (3.63s)
    --- PASS: TestCheckoutRefusesUnsafeLocalStates/index-lock (3.73s)
    --- PASS: TestCheckoutRefusesUnsafeLocalStates/filter (4.97s)
    --- PASS: TestCheckoutRefusesUnsafeLocalStates/sparse (4.73s)
    --- PASS: TestCheckoutRefusesUnsafeLocalStates/assume-unchanged (5.55s)
    --- PASS: TestCheckoutRefusesUnsafeLocalStates/skip-worktree (6.01s)
    --- PASS: TestCheckoutRefusesUnsafeLocalStates/other-worktree (6.08s)
    --- PASS: TestCheckoutRefusesUnsafeLocalStates/diverged (11.69s)
=== RUN   TestGraphCorruptionBoundsAndCancellation
--- PASS: TestGraphCorruptionBoundsAndCancellation (4.53s)
=== RUN   TestIdentityAndSymbolicRefs
--- PASS: TestIdentityAndSymbolicRefs (2.64s)
=== RUN   TestDivergedGraphAndCorruptMetadata
--- PASS: TestDivergedGraphAndCorruptMetadata (4.22s)
=== RUN   TestPreparedMetadataCancellationReleasesGitLocks
--- PASS: TestPreparedMetadataCancellationReleasesGitLocks (7.10s)
PASS
ok  	gl-axi/internal/localstack	144.376s
