=== RUN   TestMetadataRejectsSymbolicRefRace
--- PASS: TestMetadataRejectsSymbolicRefRace (3.91s)
=== RUN   TestMetadataRejectsSymbolicMetadataReplacement
--- PASS: TestMetadataRejectsSymbolicMetadataReplacement (3.72s)
=== RUN   TestCheckoutGuardedAndPreservesUnlandedRefs
    stack_test.go:186: checkout postcondition is uncertain; inspect current branch and local files; no rollback attempted
--- FAIL: TestCheckoutGuardedAndPreservesUnlandedRefs (15.10s)
=== RUN   TestCheckoutRefusesUnsafeLocalStates
=== RUN   TestCheckoutRefusesUnsafeLocalStates/untracked
=== RUN   TestCheckoutRefusesUnsafeLocalStates/ignored
    stack_test.go:250: stack Git operation cancelled or timed out; inspect local state before retrying
=== RUN   TestCheckoutRefusesUnsafeLocalStates/dirty
=== RUN   TestCheckoutRefusesUnsafeLocalStates/staged
=== RUN   TestCheckoutRefusesUnsafeLocalStates/detached
=== RUN   TestCheckoutRefusesUnsafeLocalStates/rebase
=== RUN   TestCheckoutRefusesUnsafeLocalStates/index-lock
=== RUN   TestCheckoutRefusesUnsafeLocalStates/filter
=== RUN   TestCheckoutRefusesUnsafeLocalStates/sparse
=== RUN   TestCheckoutRefusesUnsafeLocalStates/assume-unchanged
=== RUN   TestCheckoutRefusesUnsafeLocalStates/skip-worktree
=== RUN   TestCheckoutRefusesUnsafeLocalStates/other-worktree
=== RUN   TestCheckoutRefusesUnsafeLocalStates/diverged
--- FAIL: TestCheckoutRefusesUnsafeLocalStates (90.68s)
    --- PASS: TestCheckoutRefusesUnsafeLocalStates/untracked (11.86s)
    --- FAIL: TestCheckoutRefusesUnsafeLocalStates/ignored (7.39s)
    --- PASS: TestCheckoutRefusesUnsafeLocalStates/dirty (8.30s)
    --- PASS: TestCheckoutRefusesUnsafeLocalStates/staged (6.08s)
    --- PASS: TestCheckoutRefusesUnsafeLocalStates/detached (10.49s)
    --- PASS: TestCheckoutRefusesUnsafeLocalStates/rebase (11.23s)
    --- PASS: TestCheckoutRefusesUnsafeLocalStates/index-lock (4.40s)
    --- PASS: TestCheckoutRefusesUnsafeLocalStates/filter (3.68s)
    --- PASS: TestCheckoutRefusesUnsafeLocalStates/sparse (3.18s)
    --- PASS: TestCheckoutRefusesUnsafeLocalStates/assume-unchanged (2.84s)
    --- PASS: TestCheckoutRefusesUnsafeLocalStates/skip-worktree (3.51s)
    --- PASS: TestCheckoutRefusesUnsafeLocalStates/other-worktree (8.00s)
    --- PASS: TestCheckoutRefusesUnsafeLocalStates/diverged (9.68s)
=== RUN   TestPreparedMetadataCancellationReleasesGitLocks
--- PASS: TestPreparedMetadataCancellationReleasesGitLocks (1.77s)
FAIL
FAIL	gl-axi/internal/localstack	115.909s
FAIL
